// Jest Snapshot v1, https://goo.gl/fbAQLP

exports[`withHOC 1`] = `
<div>
  <div>
    Hello World!
  </div>
</div>
`;
